// Jest Snapshot v1, https://jestjs.io/docs/snapshot-testing

exports[`ProductCard renders correctly and matches snapshot 1`] = `
<DocumentFragment>
  <div
    class="card product-card h-100 mx-0"
  >
    <div
      class="product-image-wrapper"
    >
      <img
        alt="Каблучка з фінітами"
        class="card-img-top product-image"
      />
    </div>
    <div
      class="card-body"
    >
      <h5
        class="card-title"
      >
        Каблучка з фінітами
      </h5>
      <div
        class="d-flex justify-content-between align-items-center pt-2 mt-2"
      >
        <span
          class="fs-5"
        >
          10000 грн
        </span>
        <a
          class="btn btn-info btn-sm px-3"
          href="#"
        >
          Купити
        </a>
      </div>
    </div>
  </div>
</DocumentFragment>
`;
